---
source: syn-state-machine/src/common_tokens/path.rs
expression: "crate::parse::<GenericArgs>(::quote::quote! { < 'a > })"
---
Ok(
    (
        GenericArgs(
            [
                Lifetime(
                    Lifetime(
                        Ident(
                            a,
                        ),
                    ),
                ),
            ],
        ),
        0,
    ),
)
